// Jest Snapshot v1, https://goo.gl/fbAQLP

exports[`App renders correctly 1`] = `
ShallowWrapper {
  "length": 1,
  Symbol(enzyme.__root__): [Circular],
  Symbol(enzyme.__unrendered__): <App />,
  Symbol(enzyme.__renderer__): Object {
    "batchedUpdates": [Function],
    "getNode": [Function],
    "render": [Function],
    "simulateEvent": [Function],
    "unmount": [Function],
  },
  Symbol(enzyme.__node__): Object {
    "instance": null,
    "key": undefined,
    "nodeType": "host",
    "props": Object {
      "children": Array [
        <Headers />,
        <div>
          <styled.h3>
                    <InputsHolder
                              buttonName="Convert GBP to cheese"
                              handleChange={[Function]}
                              handleClick={[Function]}
                              inputName="cheeseMoney"
                              title="Enter in your amount in GBP"
                              type="number"
                    />
          </styled.h3>
          <styled.h3>
                    <ResultsHolder
                              state={
                                        Object {
                                                  "params": Object {
                                                    "buttonClicked": false,
                                                    "cheeseMoney": false,
                                                  },
                                                  "results": Object {},
                                                }
                              }
                    />
          </styled.h3>
</div>,
      ],
    },
    "ref": null,
    "rendered": Array [
      Object {
        "instance": null,
        "key": undefined,
        "nodeType": "function",
        "props": Object {},
        "ref": null,
        "rendered": null,
        "type": [Function],
      },
      Object {
        "instance": null,
        "key": undefined,
        "nodeType": "host",
        "props": Object {
          "children": Array [
            <styled.h3>
              <InputsHolder
                            buttonName="Convert GBP to cheese"
                            handleChange={[Function]}
                            handleClick={[Function]}
                            inputName="cheeseMoney"
                            title="Enter in your amount in GBP"
                            type="number"
              />
</styled.h3>,
            <styled.h3>
              <ResultsHolder
                            state={
                                          Object {
                                                        "params": Object {
                                                          "buttonClicked": false,
                                                          "cheeseMoney": false,
                                                        },
                                                        "results": Object {},
                                                      }
                            }
              />
</styled.h3>,
          ],
        },
        "ref": null,
        "rendered": Array [
          Object {
            "instance": null,
            "key": undefined,
            "nodeType": "class",
            "props": Object {
              "children": <InputsHolder
                buttonName="Convert GBP to cheese"
                handleChange={[Function]}
                handleClick={[Function]}
                inputName="cheeseMoney"
                title="Enter in your amount in GBP"
                type="number"
/>,
            },
            "ref": null,
            "rendered": Object {
              "instance": null,
              "key": undefined,
              "nodeType": "function",
              "props": Object {
                "buttonName": "Convert GBP to cheese",
                "handleChange": [Function],
                "handleClick": [Function],
                "inputName": "cheeseMoney",
                "title": "Enter in your amount in GBP",
                "type": "number",
              },
              "ref": null,
              "rendered": null,
              "type": [Function],
            },
            "type": [Function],
          },
          Object {
            "instance": null,
            "key": undefined,
            "nodeType": "class",
            "props": Object {
              "children": <ResultsHolder
                state={
                                Object {
                                                "params": Object {
                                                  "buttonClicked": false,
                                                  "cheeseMoney": false,
                                                },
                                                "results": Object {},
                                              }
                }
/>,
            },
            "ref": null,
            "rendered": Object {
              "instance": null,
              "key": undefined,
              "nodeType": "function",
              "props": Object {
                "state": Object {
                  "params": Object {
                    "buttonClicked": false,
                    "cheeseMoney": false,
                  },
                  "results": Object {},
                },
              },
              "ref": null,
              "rendered": null,
              "type": [Function],
            },
            "type": [Function],
          },
        ],
        "type": "div",
      },
    ],
    "type": "div",
  },
  Symbol(enzyme.__nodes__): Array [
    Object {
      "instance": null,
      "key": undefined,
      "nodeType": "host",
      "props": Object {
        "children": Array [
          <Headers />,
          <div>
            <styled.h3>
                        <InputsHolder
                                    buttonName="Convert GBP to cheese"
                                    handleChange={[Function]}
                                    handleClick={[Function]}
                                    inputName="cheeseMoney"
                                    title="Enter in your amount in GBP"
                                    type="number"
                        />
            </styled.h3>
            <styled.h3>
                        <ResultsHolder
                                    state={
                                                Object {
                                                            "params": Object {
                                                              "buttonClicked": false,
                                                              "cheeseMoney": false,
                                                            },
                                                            "results": Object {},
                                                          }
                                    }
                        />
            </styled.h3>
</div>,
        ],
      },
      "ref": null,
      "rendered": Array [
        Object {
          "instance": null,
          "key": undefined,
          "nodeType": "function",
          "props": Object {},
          "ref": null,
          "rendered": null,
          "type": [Function],
        },
        Object {
          "instance": null,
          "key": undefined,
          "nodeType": "host",
          "props": Object {
            "children": Array [
              <styled.h3>
                <InputsHolder
                                buttonName="Convert GBP to cheese"
                                handleChange={[Function]}
                                handleClick={[Function]}
                                inputName="cheeseMoney"
                                title="Enter in your amount in GBP"
                                type="number"
                />
</styled.h3>,
              <styled.h3>
                <ResultsHolder
                                state={
                                                Object {
                                                                "params": Object {
                                                                  "buttonClicked": false,
                                                                  "cheeseMoney": false,
                                                                },
                                                                "results": Object {},
                                                              }
                                }
                />
</styled.h3>,
            ],
          },
          "ref": null,
          "rendered": Array [
            Object {
              "instance": null,
              "key": undefined,
              "nodeType": "class",
              "props": Object {
                "children": <InputsHolder
                  buttonName="Convert GBP to cheese"
                  handleChange={[Function]}
                  handleClick={[Function]}
                  inputName="cheeseMoney"
                  title="Enter in your amount in GBP"
                  type="number"
/>,
              },
              "ref": null,
              "rendered": Object {
                "instance": null,
                "key": undefined,
                "nodeType": "function",
                "props": Object {
                  "buttonName": "Convert GBP to cheese",
                  "handleChange": [Function],
                  "handleClick": [Function],
                  "inputName": "cheeseMoney",
                  "title": "Enter in your amount in GBP",
                  "type": "number",
                },
                "ref": null,
                "rendered": null,
                "type": [Function],
              },
              "type": [Function],
            },
            Object {
              "instance": null,
              "key": undefined,
              "nodeType": "class",
              "props": Object {
                "children": <ResultsHolder
                  state={
                                    Object {
                                                      "params": Object {
                                                        "buttonClicked": false,
                                                        "cheeseMoney": false,
                                                      },
                                                      "results": Object {},
                                                    }
                  }
/>,
              },
              "ref": null,
              "rendered": Object {
                "instance": null,
                "key": undefined,
                "nodeType": "function",
                "props": Object {
                  "state": Object {
                    "params": Object {
                      "buttonClicked": false,
                      "cheeseMoney": false,
                    },
                    "results": Object {},
                  },
                },
                "ref": null,
                "rendered": null,
                "type": [Function],
              },
              "type": [Function],
            },
          ],
          "type": "div",
        },
      ],
      "type": "div",
    },
  ],
  Symbol(enzyme.__options__): Object {
    "adapter": ReactSixteenAdapter {
      "options": Object {
        "enableComponentDidUpdateOnSetState": true,
      },
    },
    "disableLifecycleMethods": true,
  },
}
`;
