// Jest Snapshot v1, https://goo.gl/fbAQLP

exports[`Headers renders correctly 1`] = `[Function]`;
