// Jest Snapshot v1, https://goo.gl/fbAQLP

exports[`Inputs renders correctly 1`] = `[Function]`;
